QWERTYUIOPASDFGHJKLZXCVBNMMNBVCXZLKJHGFDSAPOIUYTREWQQWERTYUIOPASDFGHJKLZXCVBNM1234567890