1010;1010;1010;ABA_ABA_ABA_1919119119191HELLODADADO