KLLWPUZLKLVM[OLJVKL[OLHUZ^LYHS^H`Z`V\JHUMPUKVYTH`ILUV[KVU[^VYY`;z0:0:;OL3V^LZ[;zwus:wMVYdbdfuVU[LZ[FFFFFFFFFFFcchchcef^XLHKHMKOZH]UZOKMRHZPKMZ\XZJQZKUKMKMSRHWccdejgedefjkjBBBBBBBBBDDDDDDDDDFFFFFedecdefdcededcedfgfh